// Jest Snapshot v1, https://goo.gl/fbAQLP

exports[`JournalEditor Component Snapshot Tests should render the JournalEditor component correctly 1`] = `
<DocumentFragment>
  <div
    class="Editor"
  >
    <div>
      <div
        style="display: flex; align-items: center; margin-bottom: 1em; flex-wrap: wrap;"
      >
        <label
          class="bp4-control bp4-switch"
          style="margin-right: 1em; margin-bottom: 0.5em;"
        >
          <input
            type="checkbox"
          />
          <span
            class="bp4-control-indicator"
          />
          Public
        </label>
      </div>
      <div>
        Friday, September 6, 2024
      </div>
      <textarea
        class="bp4-input bp4-large"
        maxlength="60"
        placeholder="Title"
      />
      <div
        class="DraftEditor-root"
      >
        <div
          class="public-DraftEditorPlaceholder-root"
        >
          <div
            class="public-DraftEditorPlaceholder-inner"
            style="white-space: pre-wrap;"
          >
            How was your day?
          </div>
        </div>
        <div
          class="DraftEditor-editorContainer"
        >
          <div
            class="notranslate public-DraftEditor-content"
            contenteditable="true"
            role="textbox"
            spellcheck="false"
            style="outline: none; user-select: text; white-space: pre-wrap; word-wrap: break-word;"
          >
            <div
              data-contents="true"
            >
              <div
                class=""
                data-block="true"
              >
                <div
                  class="public-DraftStyleDefault-block public-DraftStyleDefault-ltr"
                >
                  <span>
                    <br
                      data-text="true"
                    />
                  </span>
                </div>
              </div>
            </div>
          </div>
        </div>
      </div>
    </div>
    <div
      class="Editor-Toolbar"
    >
      <div
        class="Editor-Buttons"
      >
        <button
          class="bp4-button bp4-minimal"
          type="button"
        >
          <span
            aria-hidden="true"
            class="bp4-icon bp4-icon-BOLD"
            icon="BOLD"
          >
            <svg
              data-icon="BOLD"
              height="16"
              role="img"
              viewBox="0 0 16 16"
              width="16"
            >
              <path
                d="M11.7 7c.2-.4.3-1 .3-1.5v-.4V5c0-.1 0-.2-.1-.3v-.1C11.4 3.1 10.1 2 8.5 2H4c-.5 0-1 .4-1 1v10c0 .5.4 1 1 1h5c2.2 0 4-1.8 4-4 0-1.2-.5-2.3-1.3-3zM6 5h2c.6 0 1 .4 1 1s-.4 1-1 1H6V5zm3 6H6V9h3c.6 0 1 .4 1 1s-.4 1-1 1z"
                fill-rule="evenodd"
              />
            </svg>
          </span>
        </button>
        <button
          class="bp4-button bp4-minimal"
          type="button"
        >
          <span
            aria-hidden="true"
            class="bp4-icon bp4-icon-ITALIC"
            icon="ITALIC"
          >
            <svg
              data-icon="ITALIC"
              height="16"
              role="img"
              viewBox="0 0 16 16"
              width="16"
            >
              <path
                d="M9.8 4H11c.5 0 1-.4 1-1s-.4-1-1-1H7c-.5 0-1 .4-1 1s.4 1 1 1h.8l-1.6 8H5c-.5 0-1 .4-1 1s.4 1 1 1h4c.5 0 1-.4 1-1s-.4-1-1-1h-.8l1.6-8z"
                fill-rule="evenodd"
              />
            </svg>
          </span>
        </button>
        <button
          class="bp4-button bp4-minimal"
          type="button"
        >
          <span
            aria-hidden="true"
            class="bp4-icon bp4-icon-UNDERLINE"
            icon="UNDERLINE"
          >
            <svg
              data-icon="UNDERLINE"
              height="16"
              role="img"
              viewBox="0 0 16 16"
              width="16"
            >
              <path
                d="M8 14c2.8 0 5-2.2 5-5V3c0-.6-.4-1-1-1s-1 .4-1 1v6c0 1.7-1.3 3-3 3s-3-1.3-3-3V3c0-.6-.4-1-1-1s-1 .4-1 1v6c0 2.8 2.2 5 5 5zM13.5 15h-11c-.3 0-.5.2-.5.5s.2.5.5.5h11c.3 0 .5-.2.5-.5s-.2-.5-.5-.5z"
                fill-rule="evenodd"
              />
            </svg>
          </span>
        </button>
        <button
          class="bp4-button bp4-minimal"
          type="button"
        >
          <span
            aria-hidden="true"
            class="bp4-icon bp4-icon-numbered-list"
            icon="numbered-list"
          >
            <svg
              data-icon="numbered-list"
              height="16"
              role="img"
              viewBox="0 0 16 16"
              width="16"
            >
              <path
                d="M2.76 7h1.26V0h-.94c-.04.21-.12.39-.25.54-.13.15-.29.27-.48.36-.18.09-.39.16-.62.2-.23.04-.46.06-.71.06v.9h1.74V7zm-.59 7.17c.18-.12.37-.25.58-.37a10.763 10.763 0 001.24-.83c.2-.16.37-.33.52-.51.15-.19.28-.39.37-.61.09-.22.14-.47.14-.74 0-.22-.04-.45-.12-.7-.08-.26-.21-.49-.4-.69-.18-.21-.43-.39-.72-.52-.3-.14-.68-.21-1.12-.21-.41 0-.77.07-1.08.2-.32.14-.58.32-.8.56-.22.23-.38.51-.49.84-.11.32-.16.67-.16 1.05h1.19c.01-.24.03-.47.08-.67.05-.21.11-.39.21-.54.09-.15.22-.27.38-.36.16-.09.35-.13.59-.13.26 0 .47.04.63.12.16.08.29.18.38.3.09.12.15.25.18.39s.05.27.05.4c-.01.27-.08.5-.22.71-.14.21-.32.4-.53.57-.22.18-.45.34-.71.49-.26.15-.51.31-.74.47-.5.31-.89.68-1.17 1.11-.3.41-.44.91-.45 1.48h5v-1H1.43c.05-.15.14-.29.27-.43.14-.13.29-.26.47-.38zM15.01 1.99h-7c-.55 0-1 .45-1 1v1c0 .55.45 1 1 1h7c.55 0 1-.45 1-1v-1c0-.55-.44-1-1-1zm0 9h-7c-.55 0-1 .45-1 1v1c0 .55.45 1 1 1h7c.55 0 1-.45 1-1v-1c0-.55-.44-1-1-1z"
                fill-rule="evenodd"
              />
            </svg>
          </span>
        </button>
        <button
          class="bp4-button bp4-minimal"
          type="button"
        >
          <span
            aria-hidden="true"
            class="bp4-icon bp4-icon-properties"
            icon="properties"
          >
            <svg
              data-icon="properties"
              height="16"
              role="img"
              viewBox="0 0 16 16"
              width="16"
            >
              <path
                d="M2 6C.9 6 0 6.9 0 8s.9 2 2 2 2-.9 2-2-.9-2-2-2zm4-3h9c.55 0 1-.45 1-1s-.45-1-1-1H6c-.55 0-1 .45-1 1s.45 1 1 1zm-4 9c-1.1 0-2 .9-2 2s.9 2 2 2 2-.9 2-2-.9-2-2-2zm13-5H6c-.55 0-1 .45-1 1s.45 1 1 1h9c.55 0 1-.45 1-1s-.45-1-1-1zm0 6H6c-.55 0-1 .45-1 1s.45 1 1 1h9c.55 0 1-.45 1-1s-.45-1-1-1zM2 0C.9 0 0 .9 0 2s.9 2 2 2 2-.9 2-2-.9-2-2-2z"
                fill-rule="evenodd"
              />
            </svg>
          </span>
        </button>
      </div>
      <div>
        Saving...
      </div>
      <div>
        0
      </div>
    </div>
  </div>
</DocumentFragment>
`;
