// Jest Snapshot v1, https://goo.gl/fbAQLP

exports[`Error Component Snapshot Tests should render the Error component correctly 1`] = `<DocumentFragment />`;
